
> sk-ways-logistics@0.1.0 build
> next build

   ▲ Next.js 15.5.25

   Creating an optimized production build ...
Failed to compile.

./src/components/marketing/quote-form.tsx
Error:   [31mx[0m Expression expected
     ,-[[36;1;4mP:\skways\src\components\marketing\quote-form.tsx[0m:232:1]
 [2m229[0m |                 <FormMessage />
 [2m230[0m |               </FormItem>
 [2m231[0m |             )}
 [2m232[0m |           </Form>
     : [35;1m          ^[0m
 [2m233[0m | 
 [2m234[0m |           {error ? (
 [2m234[0m |             <Alert variant="destructive">
     `----
  [31mx[0m Unterminated regexp literal
     ,-[[36;1;4mP:\skways\src\components\marketing\quote-form.tsx[0m:232:1]
 [2m229[0m |                 <FormMessage />
 [2m230[0m |               </FormItem>
 [2m231[0m |             )}
 [2m232[0m |           </Form>
     : [35;1m           ^^^^^^[0m
 [2m233[0m | 
 [2m234[0m |           {error ? (
 [2m234[0m |             <Alert variant="destructive">
     `----

Caused by:
    Syntax Error

Import trace for requested module:
./src/components/marketing/quote-form.tsx
./src/app/(marketing)/get-a-quote/page.tsx


> Build failed because of webpack errors
